Archive member included to satisfy reference by file (symbol)

c:/winavr-20100110/bin/../lib/gcc/avr/4.9.2/avr51\libgcc.a(_udivmodqi4.o)
                              ./src/pcf8563.o (__udivmodqi4)
c:/winavr-20100110/bin/../lib/gcc/avr/4.9.2/avr51\libgcc.a(_udivmodhi4.o)
                              ./src/pcf8563.o (__udivmodhi4)
c:/winavr-20100110/bin/../lib/gcc/avr/4.9.2/avr51\libgcc.a(_udivmodsi4.o)
                              ./src/sensors.o (__udivmodsi4)
c:/winavr-20100110/bin/../lib/gcc/avr/4.9.2/avr51\libgcc.a(_exit.o)
                              c:/winavr-20100110/bin/../lib/gcc/avr/4.9.2/../../../../avr/lib/avr51/crtatmega1284p.o (exit)
c:/winavr-20100110/bin/../lib/gcc/avr/4.9.2/avr51\libgcc.a(_tablejump2.o)
                              ./src/config.o (__tablejump2__)
c:/winavr-20100110/bin/../lib/gcc/avr/4.9.2/avr51\libgcc.a(_copy_data.o)
                              ./src/config.o (__do_copy_data)
c:/winavr-20100110/bin/../lib/gcc/avr/4.9.2/avr51\libgcc.a(_clear_bss.o)
                              ./src/config.o (__do_clear_bss)
c:/winavr-20100110/bin/../lib/gcc/avr/4.9.2/avr51\libgcc.a(_usmulhisi3.o)
                              ./src/sensors.o (__usmulhisi3)
c:/winavr-20100110/bin/../lib/gcc/avr/4.9.2/avr51\libgcc.a(_muluhisi3.o)
                              ./src/pcf8563.o (__muluhisi3)
c:/winavr-20100110/bin/../lib/gcc/avr/4.9.2/avr51\libgcc.a(_umulhisi3.o)
                              c:/winavr-20100110/bin/../lib/gcc/avr/4.9.2/avr51\libgcc.a(_usmulhisi3.o) (__umulhisi3)
c:/winavr-20100110/bin/../lib/gcc/avr/4.9.2/../../../../avr/lib/avr51\libm.a(addsf3.o)
                              ./src/sensors.o (__addsf3)
c:/winavr-20100110/bin/../lib/gcc/avr/4.9.2/../../../../avr/lib/avr51\libm.a(addsf3x.o)
                              c:/winavr-20100110/bin/../lib/gcc/avr/4.9.2/../../../../avr/lib/avr51\libm.a(addsf3.o) (__addsf3x)
c:/winavr-20100110/bin/../lib/gcc/avr/4.9.2/../../../../avr/lib/avr51\libm.a(cmpsf2.o)
                              ./src/sensors.o (__nesf2)
c:/winavr-20100110/bin/../lib/gcc/avr/4.9.2/../../../../avr/lib/avr51\libm.a(divsf3.o)
                              ./src/sensors.o (__divsf3)
c:/winavr-20100110/bin/../lib/gcc/avr/4.9.2/../../../../avr/lib/avr51\libm.a(divsf3x.o)
                              c:/winavr-20100110/bin/../lib/gcc/avr/4.9.2/../../../../avr/lib/avr51\libm.a(divsf3.o) (__divsf3x)
c:/winavr-20100110/bin/../lib/gcc/avr/4.9.2/../../../../avr/lib/avr51\libm.a(fixunssfsi.o)
                              ./src/pcf8563.o (__fixunssfsi)
c:/winavr-20100110/bin/../lib/gcc/avr/4.9.2/../../../../avr/lib/avr51\libm.a(floatsisf.o)
                              ./src/sensors.o (__floatsisf)
c:/winavr-20100110/bin/../lib/gcc/avr/4.9.2/../../../../avr/lib/avr51\libm.a(fp_cmp.o)
                              c:/winavr-20100110/bin/../lib/gcc/avr/4.9.2/../../../../avr/lib/avr51\libm.a(cmpsf2.o) (__fp_cmp)
c:/winavr-20100110/bin/../lib/gcc/avr/4.9.2/../../../../avr/lib/avr51\libm.a(fp_inf.o)
                              c:/winavr-20100110/bin/../lib/gcc/avr/4.9.2/../../../../avr/lib/avr51\libm.a(addsf3x.o) (__fp_inf)
c:/winavr-20100110/bin/../lib/gcc/avr/4.9.2/../../../../avr/lib/avr51\libm.a(fp_nan.o)
                              c:/winavr-20100110/bin/../lib/gcc/avr/4.9.2/../../../../avr/lib/avr51\libm.a(addsf3x.o) (__fp_nan)
c:/winavr-20100110/bin/../lib/gcc/avr/4.9.2/../../../../avr/lib/avr51\libm.a(fp_pscA.o)
                              c:/winavr-20100110/bin/../lib/gcc/avr/4.9.2/../../../../avr/lib/avr51\libm.a(addsf3x.o) (__fp_pscA)
c:/winavr-20100110/bin/../lib/gcc/avr/4.9.2/../../../../avr/lib/avr51\libm.a(fp_pscB.o)
                              c:/winavr-20100110/bin/../lib/gcc/avr/4.9.2/../../../../avr/lib/avr51\libm.a(addsf3x.o) (__fp_pscB)
c:/winavr-20100110/bin/../lib/gcc/avr/4.9.2/../../../../avr/lib/avr51\libm.a(fp_round.o)
                              c:/winavr-20100110/bin/../lib/gcc/avr/4.9.2/../../../../avr/lib/avr51\libm.a(addsf3.o) (__fp_round)
c:/winavr-20100110/bin/../lib/gcc/avr/4.9.2/../../../../avr/lib/avr51\libm.a(fp_split3.o)
                              c:/winavr-20100110/bin/../lib/gcc/avr/4.9.2/../../../../avr/lib/avr51\libm.a(addsf3x.o) (__fp_split3)
c:/winavr-20100110/bin/../lib/gcc/avr/4.9.2/../../../../avr/lib/avr51\libm.a(fp_zero.o)
                              c:/winavr-20100110/bin/../lib/gcc/avr/4.9.2/../../../../avr/lib/avr51\libm.a(addsf3x.o) (__fp_zero)
c:/winavr-20100110/bin/../lib/gcc/avr/4.9.2/../../../../avr/lib/avr51\libm.a(mulsf3.o)
                              ./src/sensors.o (__mulsf3)
c:/winavr-20100110/bin/../lib/gcc/avr/4.9.2/../../../../avr/lib/avr51\libm.a(mulsf3x.o)
                              c:/winavr-20100110/bin/../lib/gcc/avr/4.9.2/../../../../avr/lib/avr51\libm.a(mulsf3.o) (__mulsf3x)
c:/winavr-20100110/bin/../lib/gcc/avr/4.9.2/../../../../avr/lib/avr51\libc.a(dtostrf.o)
                              ./src/debug.o (dtostrf)
c:/winavr-20100110/bin/../lib/gcc/avr/4.9.2/../../../../avr/lib/avr51\libc.a(atof.o)
                              ./src/config.o (atof)
c:/winavr-20100110/bin/../lib/gcc/avr/4.9.2/../../../../avr/lib/avr51\libc.a(atoi.o)
                              ./src/config.o (atoi)
c:/winavr-20100110/bin/../lib/gcc/avr/4.9.2/../../../../avr/lib/avr51\libc.a(strcat.o)
                              ./src/fsm.o (strcat)
c:/winavr-20100110/bin/../lib/gcc/avr/4.9.2/../../../../avr/lib/avr51\libc.a(strcmp.o)
                              ./src/fsm.o (strcmp)
c:/winavr-20100110/bin/../lib/gcc/avr/4.9.2/../../../../avr/lib/avr51\libc.a(strcpy.o)
                              ./src/fsm.o (strcpy)
c:/winavr-20100110/bin/../lib/gcc/avr/4.9.2/../../../../avr/lib/avr51\libc.a(itoa_ncheck.o)
                              ./src/debug.o (__itoa_ncheck)
c:/winavr-20100110/bin/../lib/gcc/avr/4.9.2/../../../../avr/lib/avr51\libc.a(ltoa_ncheck.o)
                              ./src/debug.o (__ltoa_ncheck)
c:/winavr-20100110/bin/../lib/gcc/avr/4.9.2/../../../../avr/lib/avr51\libc.a(mul10.o)
                              c:/winavr-20100110/bin/../lib/gcc/avr/4.9.2/../../../../avr/lib/avr51\libc.a(atoi.o) (__mulhi_const_10)
c:/winavr-20100110/bin/../lib/gcc/avr/4.9.2/../../../../avr/lib/avr51\libc.a(ultoa_ncheck.o)
                              c:/winavr-20100110/bin/../lib/gcc/avr/4.9.2/../../../../avr/lib/avr51\libc.a(ltoa_ncheck.o) (__ultoa_common)
c:/winavr-20100110/bin/../lib/gcc/avr/4.9.2/../../../../avr/lib/avr51\libc.a(utoa_ncheck.o)
                              c:/winavr-20100110/bin/../lib/gcc/avr/4.9.2/../../../../avr/lib/avr51\libc.a(itoa_ncheck.o) (__utoa_common)
c:/winavr-20100110/bin/../lib/gcc/avr/4.9.2/../../../../avr/lib/avr51\libc.a(dtoa_prf.o)
                              c:/winavr-20100110/bin/../lib/gcc/avr/4.9.2/../../../../avr/lib/avr51\libc.a(dtostrf.o) (dtoa_prf)
c:/winavr-20100110/bin/../lib/gcc/avr/4.9.2/../../../../avr/lib/avr51\libc.a(strtod.o)
                              c:/winavr-20100110/bin/../lib/gcc/avr/4.9.2/../../../../avr/lib/avr51\libc.a(atof.o) (strtod)
c:/winavr-20100110/bin/../lib/gcc/avr/4.9.2/../../../../avr/lib/avr51\libc.a(ftoa_engine.o)
                              c:/winavr-20100110/bin/../lib/gcc/avr/4.9.2/../../../../avr/lib/avr51\libc.a(dtoa_prf.o) (__ftoa_engine)
c:/winavr-20100110/bin/../lib/gcc/avr/4.9.2/../../../../avr/lib/avr51\libc.a(isspace.o)
                              c:/winavr-20100110/bin/../lib/gcc/avr/4.9.2/../../../../avr/lib/avr51\libc.a(strtod.o) (isspace)
c:/winavr-20100110/bin/../lib/gcc/avr/4.9.2/../../../../avr/lib/avr51\libc.a(strncasecmp_P.o)
                              c:/winavr-20100110/bin/../lib/gcc/avr/4.9.2/../../../../avr/lib/avr51\libc.a(strtod.o) (strncasecmp_P)
c:/winavr-20100110/bin/../lib/gcc/avr/4.9.2/../../../../avr/lib/avr51\libc.a(strrev.o)
                              c:/winavr-20100110/bin/../lib/gcc/avr/4.9.2/../../../../avr/lib/avr51\libc.a(ultoa_ncheck.o) (strrev)
c:/winavr-20100110/bin/../lib/gcc/avr/4.9.2/../../../../avr/lib/avr51\libc.a(errno.o)
                              c:/winavr-20100110/bin/../lib/gcc/avr/4.9.2/../../../../avr/lib/avr51\libc.a(strtod.o) (errno)
c:/winavr-20100110/bin/../lib/gcc/avr/4.9.2/../../../../avr/lib/avr51\libc.a(cty_isfalse.o)
                              c:/winavr-20100110/bin/../lib/gcc/avr/4.9.2/../../../../avr/lib/avr51\libc.a(isspace.o) (__ctype_isfalse)
c:/winavr-20100110/bin/../lib/gcc/avr/4.9.2/../../../../avr/lib/avr51\libatmega1284p.a(eerd_byte.o)
                              ./src/eeprom_manage.o (eeprom_read_byte)
c:/winavr-20100110/bin/../lib/gcc/avr/4.9.2/../../../../avr/lib/avr51\libatmega1284p.a(eerd_dword.o)
                              ./src/eeprom_manage.o (eeprom_read_float)
c:/winavr-20100110/bin/../lib/gcc/avr/4.9.2/../../../../avr/lib/avr51\libatmega1284p.a(eerd_word.o)
                              ./src/eeprom_manage.o (eeprom_read_word)
c:/winavr-20100110/bin/../lib/gcc/avr/4.9.2/../../../../avr/lib/avr51\libatmega1284p.a(eeupd_byte.o)
                              ./src/eeprom_manage.o (eeprom_update_byte)
c:/winavr-20100110/bin/../lib/gcc/avr/4.9.2/../../../../avr/lib/avr51\libatmega1284p.a(eeupd_dword.o)
                              ./src/eeprom_manage.o (eeprom_update_float)
c:/winavr-20100110/bin/../lib/gcc/avr/4.9.2/../../../../avr/lib/avr51\libatmega1284p.a(eeupd_word.o)
                              ./src/eeprom_manage.o (eeprom_update_word)
c:/winavr-20100110/bin/../lib/gcc/avr/4.9.2/../../../../avr/lib/avr51\libatmega1284p.a(eerd_block.o)
                              c:/winavr-20100110/bin/../lib/gcc/avr/4.9.2/../../../../avr/lib/avr51\libatmega1284p.a(eerd_dword.o) (eeprom_read_blraw)

Allocating common symbols
Common symbol       size              file

data_udr0           0x1               ./src/config.o
errno               0x2               c:/winavr-20100110/bin/../lib/gcc/avr/4.9.2/../../../../avr/lib/avr51\libc.a(errno.o)
flag_config_request
                    0x1               ./src/config.o
timestamp           0x4               ./src/config.o
usart0_baudrate     0x2               ./src/config.o
epoch_010116        0x9               ./src/config.o
flag_error          0x1               ./src/config.o
config_request_i    0x1               ./src/config.o
flag_next_state     0x1               ./src/config.o
TCNT0_tmp           0x2               ./src/config.o
config_request      0xa               ./src/config.o
flag_timestamp      0x1               ./src/config.o
logger              0x4a              ./src/config.o
flag_anemo_ok       0x1               ./src/config.o
flag_new_measure    0x1               ./src/config.o
time                0x9               ./src/config.o
flag_new_sec        0x1               ./src/config.o
flag_pass_first_measure
                    0x1               ./src/config.o
ptrTime             0x2               ./src/config.o
flag_USART0_read    0x1               ./src/config.o

Memory Configuration

Name             Origin             Length             Attributes
text             0x00000000         0x00020000         xr
data             0x00800100         0x0000ff00         rw !x
eeprom           0x00810000         0x00010000         rw !x
fuse             0x00820000         0x00000003         rw !x
lock             0x00830000         0x00000400         rw !x
signature        0x00840000         0x00000400         rw !x
user_signatures  0x00850000         0x00000400         rw !x
*default*        0x00000000         0xffffffff

Linker script and memory map

Address of section .data set to 0x800100
LOAD c:/winavr-20100110/bin/../lib/gcc/avr/4.9.2/../../../../avr/lib/avr51/crtatmega1284p.o
LOAD ./src/adc.o
LOAD ./src/config.o
LOAD ./src/debug.o
LOAD ./src/eeprom_manage.o
LOAD ./src/fsm.o
LOAD ./src/main.o
LOAD ./src/pcf8563.o
LOAD ./src/sensors.o
LOAD ./src/time.o
LOAD ./src/twi.o
LOAD ./src/usart.o
LOAD ./.metadata/.plugins/org.eclipse.cdt.make.core/specs.o
START GROUP
LOAD c:/winavr-20100110/bin/../lib/gcc/avr/4.9.2/avr51\libgcc.a
LOAD c:/winavr-20100110/bin/../lib/gcc/avr/4.9.2/../../../../avr/lib/avr51\libm.a
LOAD c:/winavr-20100110/bin/../lib/gcc/avr/4.9.2/../../../../avr/lib/avr51\libc.a
LOAD c:/winavr-20100110/bin/../lib/gcc/avr/4.9.2/../../../../avr/lib/avr51\libatmega1284p.a
END GROUP
                0x00020000                __TEXT_REGION_LENGTH__ = DEFINED (__TEXT_REGION_LENGTH__)?__TEXT_REGION_LENGTH__:0x20000
                0x0000ff00                __DATA_REGION_LENGTH__ = DEFINED (__DATA_REGION_LENGTH__)?__DATA_REGION_LENGTH__:0xff00
                0x00010000                __EEPROM_REGION_LENGTH__ = DEFINED (__EEPROM_REGION_LENGTH__)?__EEPROM_REGION_LENGTH__:0x10000
                [0x00000003]                __FUSE_REGION_LENGTH__ = DEFINED (__FUSE_REGION_LENGTH__)?__FUSE_REGION_LENGTH__:0x400
                0x00000400                __LOCK_REGION_LENGTH__ = DEFINED (__LOCK_REGION_LENGTH__)?__LOCK_REGION_LENGTH__:0x400
                0x00000400                __SIGNATURE_REGION_LENGTH__ = DEFINED (__SIGNATURE_REGION_LENGTH__)?__SIGNATURE_REGION_LENGTH__:0x400
                0x00000400                __USER_SIGNATURE_REGION_LENGTH__ = DEFINED (__USER_SIGNATURE_REGION_LENGTH__)?__USER_SIGNATURE_REGION_LENGTH__:0x400

.hash
 *(.hash)

.dynsym
 *(.dynsym)

.dynstr
 *(.dynstr)

.gnu.version
 *(.gnu.version)

.gnu.version_d
 *(.gnu.version_d)

.gnu.version_r
 *(.gnu.version_r)

.rel.init
 *(.rel.init)

.rela.init
 *(.rela.init)

.rel.text
 *(.rel.text)
 *(.rel.text.*)
 *(.rel.gnu.linkonce.t*)

.rela.text
 *(.rela.text)
 *(.rela.text.*)
 *(.rela.gnu.linkonce.t*)

.rel.fini
 *(.rel.fini)

.rela.fini
 *(.rela.fini)

.rel.rodata
 *(.rel.rodata)
 *(.rel.rodata.*)
 *(.rel.gnu.linkonce.r*)

.rela.rodata
 *(.rela.rodata)
 *(.rela.rodata.*)
 *(.rela.gnu.linkonce.r*)

.rel.data
 *(.rel.data)
 *(.rel.data.*)
 *(.rel.gnu.linkonce.d*)

.rela.data
 *(.rela.data)
 *(.rela.data.*)
 *(.rela.gnu.linkonce.d*)

.rel.ctors
 *(.rel.ctors)

.rela.ctors
 *(.rela.ctors)

.rel.dtors
 *(.rel.dtors)

.rela.dtors
 *(.rela.dtors)

.rel.got
 *(.rel.got)

.rela.got
 *(.rela.got)

.rel.bss
 *(.rel.bss)

.rela.bss
 *(.rela.bss)

.rel.plt
 *(.rel.plt)

.rela.plt
 *(.rela.plt)

.text           0x00000000     0x2936
 *(.vectors)
 .vectors       0x00000000       0x8c c:/winavr-20100110/bin/../lib/gcc/avr/4.9.2/../../../../avr/lib/avr51/crtatmega1284p.o
                0x00000000                __vector_default
                0x00000000                __vectors
 *(.vectors)
 *(.progmem.gcc*)
 .progmem.gcc_sw_table.config_update
                0x0000008c       0x30 ./src/config.o
                0x000000bc                . = ALIGN (0x2)
                0x000000bc                __trampolines_start = .
 *(.trampolines)
 .trampolines   0x000000bc        0x0 linker stubs
 *(.trampolines*)
                0x000000bc                __trampolines_end = .
 *libprintf_flt.a:*(.progmem.data)
 *libc.a:*(.progmem.data)
 .progmem.data  0x000000bc       0x3b c:/winavr-20100110/bin/../lib/gcc/avr/4.9.2/../../../../avr/lib/avr51\libc.a(strtod.o)
 .progmem.data  0x000000f7       0xfa c:/winavr-20100110/bin/../lib/gcc/avr/4.9.2/../../../../avr/lib/avr51\libc.a(ftoa_engine.o)
 *(.progmem*)
                0x000001f2                . = ALIGN (0x2)
 *fill*         0x000001f1        0x1 
 *(.jumptables)
 *(.jumptables*)
 *(.lowtext)
 *(.lowtext*)
                0x000001f2                __ctors_start = .
 *(.ctors)
                0x000001f2                __ctors_end = .
                0x000001f2                __dtors_start = .
 *(.dtors)
                0x000001f2                __dtors_end = .
 SORT(*)(.ctors)
 SORT(*)(.dtors)
 *(.init0)
 .init0         0x000001f2        0x0 c:/winavr-20100110/bin/../lib/gcc/avr/4.9.2/../../../../avr/lib/avr51/crtatmega1284p.o
                0x000001f2                __init
 *(.init0)
 *(.init1)
 *(.init1)
 *(.init2)
 .init2         0x000001f2        0xc c:/winavr-20100110/bin/../lib/gcc/avr/4.9.2/../../../../avr/lib/avr51/crtatmega1284p.o
 *(.init2)
 *(.init3)
 *(.init3)
 *(.init4)
 .init4         0x000001fe       0x1a c:/winavr-20100110/bin/../lib/gcc/avr/4.9.2/avr51\libgcc.a(_copy_data.o)
                0x000001fe                __do_copy_data
 .init4         0x00000218       0x10 c:/winavr-20100110/bin/../lib/gcc/avr/4.9.2/avr51\libgcc.a(_clear_bss.o)
                0x00000218                __do_clear_bss
 *(.init4)
 *(.init5)
 *(.init5)
 *(.init6)
 *(.init6)
 *(.init7)
 *(.init7)
 *(.init8)
 *(.init8)
 *(.init9)
 .init9         0x00000228        0x8 c:/winavr-20100110/bin/../lib/gcc/avr/4.9.2/../../../../avr/lib/avr51/crtatmega1284p.o
 *(.init9)
 *(.text)
 .text          0x00000230        0x4 c:/winavr-20100110/bin/../lib/gcc/avr/4.9.2/../../../../avr/lib/avr51/crtatmega1284p.o
                0x00000230                __vector_22
                0x00000230                __vector_28
                0x00000230                __vector_34
                0x00000230                __vector_24
                0x00000230                __vector_12
                0x00000230                __bad_interrupt
                0x00000230                __vector_6
                0x00000230                __vector_31
                0x00000230                __vector_3
                0x00000230                __vector_23
                0x00000230                __vector_30
                0x00000230                __vector_25
                0x00000230                __vector_13
                0x00000230                __vector_17
                0x00000230                __vector_19
                0x00000230                __vector_7
                0x00000230                __vector_27
                0x00000230                __vector_5
                0x00000230                __vector_33
                0x00000230                __vector_4
                0x00000230                __vector_9
                0x00000230                __vector_2
                0x00000230                __vector_21
                0x00000230                __vector_15
                0x00000230                __vector_29
                0x00000230                __vector_8
                0x00000230                __vector_26
                0x00000230                __vector_14
                0x00000230                __vector_10
                0x00000230                __vector_16
 .text          0x00000234        0x0 ./src/adc.o
 .text          0x00000234        0x0 ./src/config.o
 .text          0x00000234        0x0 ./src/debug.o
 .text          0x00000234        0x0 ./src/eeprom_manage.o
 .text          0x00000234        0x0 ./src/fsm.o
 .text          0x00000234        0x0 ./src/main.o
 .text          0x00000234        0x0 ./src/pcf8563.o
 .text          0x00000234        0x0 ./src/sensors.o
 .text          0x00000234        0x0 ./src/time.o
 .text          0x00000234        0x0 ./src/twi.o
 .text          0x00000234        0x0 ./src/usart.o
 .text          0x00000234        0x0 ./.metadata/.plugins/org.eclipse.cdt.make.core/specs.o
 .text          0x00000234        0x0 c:/winavr-20100110/bin/../lib/gcc/avr/4.9.2/avr51\libgcc.a(_udivmodqi4.o)
 .text          0x00000234        0x0 c:/winavr-20100110/bin/../lib/gcc/avr/4.9.2/avr51\libgcc.a(_udivmodhi4.o)
 .text          0x00000234        0x0 c:/winavr-20100110/bin/../lib/gcc/avr/4.9.2/avr51\libgcc.a(_udivmodsi4.o)
 .text          0x00000234        0x0 c:/winavr-20100110/bin/../lib/gcc/avr/4.9.2/avr51\libgcc.a(_exit.o)
 .text          0x00000234        0x0 c:/winavr-20100110/bin/../lib/gcc/avr/4.9.2/avr51\libgcc.a(_tablejump2.o)
 .text          0x00000234        0x0 c:/winavr-20100110/bin/../lib/gcc/avr/4.9.2/avr51\libgcc.a(_copy_data.o)
 .text          0x00000234        0x0 c:/winavr-20100110/bin/../lib/gcc/avr/4.9.2/avr51\libgcc.a(_clear_bss.o)
 .text          0x00000234        0x0 c:/winavr-20100110/bin/../lib/gcc/avr/4.9.2/avr51\libgcc.a(_usmulhisi3.o)
 .text          0x00000234        0x0 c:/winavr-20100110/bin/../lib/gcc/avr/4.9.2/avr51\libgcc.a(_muluhisi3.o)
 .text          0x00000234        0x0 c:/winavr-20100110/bin/../lib/gcc/avr/4.9.2/avr51\libgcc.a(_umulhisi3.o)
 .text          0x00000234        0x0 c:/winavr-20100110/bin/../lib/gcc/avr/4.9.2/../../../../avr/lib/avr51\libm.a(addsf3.o)
 .text          0x00000234        0x0 c:/winavr-20100110/bin/../lib/gcc/avr/4.9.2/../../../../avr/lib/avr51\libm.a(addsf3x.o)
 .text          0x00000234        0x0 c:/winavr-20100110/bin/../lib/gcc/avr/4.9.2/../../../../avr/lib/avr51\libm.a(cmpsf2.o)
 .text          0x00000234        0x0 c:/winavr-20100110/bin/../lib/gcc/avr/4.9.2/../../../../avr/lib/avr51\libm.a(divsf3.o)
 .text          0x00000234        0x0 c:/winavr-20100110/bin/../lib/gcc/avr/4.9.2/../../../../avr/lib/avr51\libm.a(divsf3x.o)
 .text          0x00000234        0x0 c:/winavr-20100110/bin/../lib/gcc/avr/4.9.2/../../../../avr/lib/avr51\libm.a(fixunssfsi.o)
 .text          0x00000234        0x0 c:/winavr-20100110/bin/../lib/gcc/avr/4.9.2/../../../../avr/lib/avr51\libm.a(floatsisf.o)
 .text          0x00000234        0x0 c:/winavr-20100110/bin/../lib/gcc/avr/4.9.2/../../../../avr/lib/avr51\libm.a(fp_cmp.o)
 .text          0x00000234        0x0 c:/winavr-20100110/bin/../lib/gcc/avr/4.9.2/../../../../avr/lib/avr51\libm.a(fp_inf.o)
 .text          0x00000234        0x0 c:/winavr-20100110/bin/../lib/gcc/avr/4.9.2/../../../../avr/lib/avr51\libm.a(fp_nan.o)
 .text          0x00000234        0x0 c:/winavr-20100110/bin/../lib/gcc/avr/4.9.2/../../../../avr/lib/avr51\libm.a(fp_pscA.o)
 .text          0x00000234        0x0 c:/winavr-20100110/bin/../lib/gcc/avr/4.9.2/../../../../avr/lib/avr51\libm.a(fp_pscB.o)
 .text          0x00000234        0x0 c:/winavr-20100110/bin/../lib/gcc/avr/4.9.2/../../../../avr/lib/avr51\libm.a(fp_round.o)
 .text          0x00000234        0x0 c:/winavr-20100110/bin/../lib/gcc/avr/4.9.2/../../../../avr/lib/avr51\libm.a(fp_split3.o)
 .text          0x00000234        0x0 c:/winavr-20100110/bin/../lib/gcc/avr/4.9.2/../../../../avr/lib/avr51\libm.a(fp_zero.o)
 .text          0x00000234        0x0 c:/winavr-20100110/bin/../lib/gcc/avr/4.9.2/../../../../avr/lib/avr51\libm.a(mulsf3.o)
 .text          0x00000234        0x0 c:/winavr-20100110/bin/../lib/gcc/avr/4.9.2/../../../../avr/lib/avr51\libm.a(mulsf3x.o)
 .text          0x00000234        0x0 c:/winavr-20100110/bin/../lib/gcc/avr/4.9.2/../../../../avr/lib/avr51\libc.a(dtostrf.o)
 .text          0x00000234        0x0 c:/winavr-20100110/bin/../lib/gcc/avr/4.9.2/../../../../avr/lib/avr51\libc.a(atof.o)
 .text          0x00000234        0x0 c:/winavr-20100110/bin/../lib/gcc/avr/4.9.2/../../../../avr/lib/avr51\libc.a(atoi.o)
 .text          0x00000234        0x0 c:/winavr-20100110/bin/../lib/gcc/avr/4.9.2/../../../../avr/lib/avr51\libc.a(strcat.o)
 .text          0x00000234        0x0 c:/winavr-20100110/bin/../lib/gcc/avr/4.9.2/../../../../avr/lib/avr51\libc.a(strcmp.o)
 .text          0x00000234        0x0 c:/winavr-20100110/bin/../lib/gcc/avr/4.9.2/../../../../avr/lib/avr51\libc.a(strcpy.o)
 .text          0x00000234        0x0 c:/winavr-20100110/bin/../lib/gcc/avr/4.9.2/../../../../avr/lib/avr51\libc.a(itoa_ncheck.o)
 .text          0x00000234        0x0 c:/winavr-20100110/bin/../lib/gcc/avr/4.9.2/../../../../avr/lib/avr51\libc.a(ltoa_ncheck.o)
 .text          0x00000234        0x0 c:/winavr-20100110/bin/../lib/gcc/avr/4.9.2/../../../../avr/lib/avr51\libc.a(mul10.o)
 .text          0x00000234        0x0 c:/winavr-20100110/bin/../lib/gcc/avr/4.9.2/../../../../avr/lib/avr51\libc.a(ultoa_ncheck.o)
 .text          0x00000234        0x0 c:/winavr-20100110/bin/../lib/gcc/avr/4.9.2/../../../../avr/lib/avr51\libc.a(utoa_ncheck.o)
 .text          0x00000234        0x0 c:/winavr-20100110/bin/../lib/gcc/avr/4.9.2/../../../../avr/lib/avr51\libc.a(dtoa_prf.o)
 .text          0x00000234        0x0 c:/winavr-20100110/bin/../lib/gcc/avr/4.9.2/../../../../avr/lib/avr51\libc.a(strtod.o)
 .text          0x00000234        0x0 c:/winavr-20100110/bin/../lib/gcc/avr/4.9.2/../../../../avr/lib/avr51\libc.a(ftoa_engine.o)
 .text          0x00000234        0x0 c:/winavr-20100110/bin/../lib/gcc/avr/4.9.2/../../../../avr/lib/avr51\libc.a(isspace.o)
 .text          0x00000234        0x0 c:/winavr-20100110/bin/../lib/gcc/avr/4.9.2/../../../../avr/lib/avr51\libc.a(strncasecmp_P.o)
 .text          0x00000234        0x0 c:/winavr-20100110/bin/../lib/gcc/avr/4.9.2/../../../../avr/lib/avr51\libc.a(strrev.o)
 .text          0x00000234        0x0 c:/winavr-20100110/bin/../lib/gcc/avr/4.9.2/../../../../avr/lib/avr51\libc.a(errno.o)
 .text          0x00000234        0x0 c:/winavr-20100110/bin/../lib/gcc/avr/4.9.2/../../../../avr/lib/avr51\libc.a(cty_isfalse.o)
 .text          0x00000234        0x0 c:/winavr-20100110/bin/../lib/gcc/avr/4.9.2/../../../../avr/lib/avr51\libatmega1284p.a(eerd_byte.o)
 .text          0x00000234        0x0 c:/winavr-20100110/bin/../lib/gcc/avr/4.9.2/../../../../avr/lib/avr51\libatmega1284p.a(eerd_dword.o)
 .text          0x00000234        0x0 c:/winavr-20100110/bin/../lib/gcc/avr/4.9.2/../../../../avr/lib/avr51\libatmega1284p.a(eerd_word.o)
 .text          0x00000234        0x0 c:/winavr-20100110/bin/../lib/gcc/avr/4.9.2/../../../../avr/lib/avr51\libatmega1284p.a(eeupd_byte.o)
 .text          0x00000234        0x0 c:/winavr-20100110/bin/../lib/gcc/avr/4.9.2/../../../../avr/lib/avr51\libatmega1284p.a(eeupd_dword.o)
 .text          0x00000234        0x0 c:/winavr-20100110/bin/../lib/gcc/avr/4.9.2/../../../../avr/lib/avr51\libatmega1284p.a(eeupd_word.o)
 .text          0x00000234        0x0 c:/winavr-20100110/bin/../lib/gcc/avr/4.9.2/../../../../avr/lib/avr51\libatmega1284p.a(eerd_block.o)
                0x00000234                . = ALIGN (0x2)
 *(.text.*)
 .text.adc_value
                0x00000234       0x22 ./src/adc.o
                0x00000234                adc_value
 .text.config_update
                0x00000256      0x1b6 ./src/config.o
                0x00000256                config_update
 .text.debug_print
                0x0000040c       0x48 ./src/debug.o
                0x0000040c                debug_print
 .text.debug_printd
                0x00000454       0x90 ./src/debug.o
                0x00000454                debug_printd
 .text.debug_printu
                0x000004e4       0x76 ./src/debug.o
                0x000004e4                debug_printu
 .text.debug_printl
                0x0000055a       0x82 ./src/debug.o
                0x0000055a                debug_printl
 .text.ee_erase_logger
                0x000005dc       0x90 ./src/eeprom_manage.o
                0x000005dc                ee_erase_logger
 .text.ee_write_logger
                0x0000066c       0x60 ./src/eeprom_manage.o
                0x0000066c                ee_write_logger
 .text.ee_read_logger
                0x000006cc       0x66 ./src/eeprom_manage.o
                0x000006cc                ee_read_logger
 .text.state_timestamp
                0x00000732       0x1a ./src/fsm.o
                0x00000732                state_timestamp
 .text.state_config
                0x0000074c       0x4c ./src/fsm.o
                0x0000074c                state_config
 .text.state_measure
                0x00000798       0x66 ./src/fsm.o
                0x00000798                state_measure
 .text.state_output
                0x000007fe      0x10a ./src/fsm.o
                0x000007fe                state_output
 .text.state_sleep
                0x00000908       0x2a ./src/fsm.o
                0x00000908                state_sleep
 .text.state_idle
                0x00000932       0x22 ./src/fsm.o
                0x00000932                state_idle
 .text.startup.main
                0x00000954      0x18c ./src/main.o
                0x00000954                main
 .text.debug_RTC_print_Time
                0x00000ae0       0xc4 ./src/pcf8563.o
                0x00000ae0                debug_RTC_print_Time
 .text.debug_RTC_timestamp_calc
                0x00000ba4      0x1ce ./src/pcf8563.o
                0x00000ba4                debug_RTC_timestamp_calc
 .text.RTC_init
                0x00000d72       0x22 ./src/pcf8563.o
                0x00000d72                RTC_init
 .text.__vector_11
                0x00000d94       0x4a ./src/pcf8563.o
                0x00000d94                __vector_11
 .text.is_leap_year
                0x00000dde       0x32 ./src/pcf8563.o
                0x00000dde                is_leap_year
 .text.rtc_time_to_epoch
                0x00000e10      0x160 ./src/pcf8563.o
                0x00000e10                rtc_time_to_epoch
 .text.RTC_get_date
                0x00000f70      0x122 ./src/pcf8563.o
                0x00000f70                RTC_get_date
 .text.a2toBCD  0x00001092       0x10 ./src/pcf8563.o
                0x00001092                a2toBCD
 .text.utoBCD   0x000010a2       0x14 ./src/pcf8563.o
                0x000010a2                utoBCD
 .text.RTC_update
                0x000010b6       0x80 ./src/pcf8563.o
                0x000010b6                RTC_update
 .text.RTC_update_reg
                0x00001136       0x16 ./src/pcf8563.o
                0x00001136                RTC_update_reg
 .text.measure_clear
                0x0000114c       0x1c ./src/sensors.o
                0x0000114c                measure_clear
 .text.anemos_init
                0x00001168       0x20 ./src/sensors.o
                0x00001168                anemos_init
 .text.anemo_start_count
                0x00001188       0x3c ./src/sensors.o
                0x00001188                anemo_start_count
 .text.anemo_read_value
                0x000011c4       0xd6 ./src/sensors.o
                0x000011c4                anemo_read_value
 .text.__vector_18
                0x0000129a       0x22 ./src/sensors.o
                0x0000129a                __vector_18
 .text.__vector_1
                0x000012bc       0x9a ./src/sensors.o
                0x000012bc                __vector_1
 .text.dir_value
                0x00001356       0x62 ./src/sensors.o
                0x00001356                dir_value
 .text.init_FSM
                0x000013b8       0x26 ./src/time.o
                0x000013b8                init_FSM
 .text.__vector_32
                0x000013de       0x38 ./src/time.o
                0x000013de                __vector_32
 .text.TWI_init
                0x00001416       0x14 ./src/twi.o
                0x00001416                TWI_init
 .text.TWI_start
                0x0000142a       0x10 ./src/twi.o
                0x0000142a                TWI_start
 .text.TWI_restart
                0x0000143a       0x10 ./src/twi.o
                0x0000143a                TWI_restart
 .text.TWI_stop
                0x0000144a        0x8 ./src/twi.o
                0x0000144a                TWI_stop
 .text.TWI_set  0x00001452       0x14 ./src/twi.o
                0x00001452                TWI_set
 .text.TWI_get_ack
                0x00001466       0x14 ./src/twi.o
                0x00001466                TWI_get_ack
 .text.TWI_get_nack
                0x0000147a       0x14 ./src/twi.o
                0x0000147a                TWI_get_nack
 .text.TWI_get_status
                0x0000148e        0x8 ./src/twi.o
                0x0000148e                TWI_get_status
 .text.TWI_set_char
                0x00001496       0x74 ./src/twi.o
                0x00001496                TWI_set_char
 .text.TWI_get_char
                0x0000150a       0x88 ./src/twi.o
                0x0000150a                TWI_get_char
 .text.TWI_print
                0x00001592       0x9c ./src/twi.o
                0x00001592                TWI_print
 .text.TWI_receive
                0x0000162e       0xde ./src/twi.o
                0x0000162e                TWI_receive
 .text.USART0_init
                0x0000170c       0x24 ./src/usart.o
                0x0000170c                USART0_init
 .text.USART0_set
                0x00001730        0xe ./src/usart.o
                0x00001730                USART0_set
 .text.USART0_print
                0x0000173e       0x26 ./src/usart.o
                0x0000173e                USART0_print
 .text.__vector_20
                0x00001764       0x26 ./src/usart.o
                0x00001764                __vector_20
 .text.get_Arg  0x0000178a       0x16 ./src/usart.o
                0x0000178a                get_Arg
 .text.USART0_print_conf
                0x000017a0      0x23e ./src/usart.o
                0x000017a0                USART0_print_conf
 .text.libgcc.mul
                0x000019de        0x0 c:/winavr-20100110/bin/../lib/gcc/avr/4.9.2/avr51\libgcc.a(_udivmodqi4.o)
 .text.libgcc.div
                0x000019de       0x18 c:/winavr-20100110/bin/../lib/gcc/avr/4.9.2/avr51\libgcc.a(_udivmodqi4.o)
                0x000019de                __udivmodqi4
 .text.libgcc   0x000019f6        0x0 c:/winavr-20100110/bin/../lib/gcc/avr/4.9.2/avr51\libgcc.a(_udivmodqi4.o)
 .text.libgcc.prologue
                0x000019f6        0x0 c:/winavr-20100110/bin/../lib/gcc/avr/4.9.2/avr51\libgcc.a(_udivmodqi4.o)
 .text.libgcc.builtins
                0x000019f6        0x0 c:/winavr-20100110/bin/../lib/gcc/avr/4.9.2/avr51\libgcc.a(_udivmodqi4.o)
 .text.libgcc.fmul
                0x000019f6        0x0 c:/winavr-20100110/bin/../lib/gcc/avr/4.9.2/avr51\libgcc.a(_udivmodqi4.o)
 .text.libgcc.fixed
                0x000019f6        0x0 c:/winavr-20100110/bin/../lib/gcc/avr/4.9.2/avr51\libgcc.a(_udivmodqi4.o)
 .text.libgcc.mul
                0x000019f6        0x0 c:/winavr-20100110/bin/../lib/gcc/avr/4.9.2/avr51\libgcc.a(_udivmodhi4.o)
 .text.libgcc.div
                0x000019f6       0x28 c:/winavr-20100110/bin/../lib/gcc/avr/4.9.2/avr51\libgcc.a(_udivmodhi4.o)
                0x000019f6                __udivmodhi4
 .text.libgcc   0x00001a1e        0x0 c:/winavr-20100110/bin/../lib/gcc/avr/4.9.2/avr51\libgcc.a(_udivmodhi4.o)
 .text.libgcc.prologue
                0x00001a1e        0x0 c:/winavr-20100110/bin/../lib/gcc/avr/4.9.2/avr51\libgcc.a(_udivmodhi4.o)
 .text.libgcc.builtins
                0x00001a1e        0x0 c:/winavr-20100110/bin/../lib/gcc/avr/4.9.2/avr51\libgcc.a(_udivmodhi4.o)
 .text.libgcc.fmul
                0x00001a1e        0x0 c:/winavr-20100110/bin/../lib/gcc/avr/4.9.2/avr51\libgcc.a(_udivmodhi4.o)
 .text.libgcc.fixed
                0x00001a1e        0x0 c:/winavr-20100110/bin/../lib/gcc/avr/4.9.2/avr51\libgcc.a(_udivmodhi4.o)
 .text.libgcc.mul
                0x00001a1e        0x0 c:/winavr-20100110/bin/../lib/gcc/avr/4.9.2/avr51\libgcc.a(_udivmodsi4.o)
 .text.libgcc.div
                0x00001a1e       0x44 c:/winavr-20100110/bin/../lib/gcc/avr/4.9.2/avr51\libgcc.a(_udivmodsi4.o)
                0x00001a1e                __udivmodsi4
 .text.libgcc   0x00001a62        0x0 c:/winavr-20100110/bin/../lib/gcc/avr/4.9.2/avr51\libgcc.a(_udivmodsi4.o)
 .text.libgcc.prologue
                0x00001a62        0x0 c:/winavr-20100110/bin/../lib/gcc/avr/4.9.2/avr51\libgcc.a(_udivmodsi4.o)
 .text.libgcc.builtins
                0x00001a62        0x0 c:/winavr-20100110/bin/../lib/gcc/avr/4.9.2/avr51\libgcc.a(_udivmodsi4.o)
 .text.libgcc.fmul
                0x00001a62        0x0 c:/winavr-20100110/bin/../lib/gcc/avr/4.9.2/avr51\libgcc.a(_udivmodsi4.o)
 .text.libgcc.fixed
                0x00001a62        0x0 c:/winavr-20100110/bin/../lib/gcc/avr/4.9.2/avr51\libgcc.a(_udivmodsi4.o)
 .text.libgcc.mul
                0x00001a62        0x0 c:/winavr-20100110/bin/../lib/gcc/avr/4.9.2/avr51\libgcc.a(_exit.o)
 .text.libgcc.div
                0x00001a62        0x0 c:/winavr-20100110/bin/../lib/gcc/avr/4.9.2/avr51\libgcc.a(_exit.o)
 .text.libgcc   0x00001a62        0x0 c:/winavr-20100110/bin/../lib/gcc/avr/4.9.2/avr51\libgcc.a(_exit.o)
 .text.libgcc.prologue
                0x00001a62        0x0 c:/winavr-20100110/bin/../lib/gcc/avr/4.9.2/avr51\libgcc.a(_exit.o)
 .text.libgcc.builtins
                0x00001a62        0x0 c:/winavr-20100110/bin/../lib/gcc/avr/4.9.2/avr51\libgcc.a(_exit.o)
 .text.libgcc.fmul
                0x00001a62        0x0 c:/winavr-20100110/bin/../lib/gcc/avr/4.9.2/avr51\libgcc.a(_exit.o)
 .text.libgcc.fixed
                0x00001a62        0x0 c:/winavr-20100110/bin/../lib/gcc/avr/4.9.2/avr51\libgcc.a(_exit.o)
 .text.libgcc.mul
                0x00001a62        0x0 c:/winavr-20100110/bin/../lib/gcc/avr/4.9.2/avr51\libgcc.a(_tablejump2.o)
 .text.libgcc.div
                0x00001a62        0x0 c:/winavr-20100110/bin/../lib/gcc/avr/4.9.2/avr51\libgcc.a(_tablejump2.o)
 .text.libgcc   0x00001a62       0x12 c:/winavr-20100110/bin/../lib/gcc/avr/4.9.2/avr51\libgcc.a(_tablejump2.o)
                0x00001a62                __tablejump2__
 .text.libgcc.prologue
                0x00001a74        0x0 c:/winavr-20100110/bin/../lib/gcc/avr/4.9.2/avr51\libgcc.a(_tablejump2.o)
 .text.libgcc.builtins
                0x00001a74        0x0 c:/winavr-20100110/bin/../lib/gcc/avr/4.9.2/avr51\libgcc.a(_tablejump2.o)
 .text.libgcc.fmul
                0x00001a74        0x0 c:/winavr-20100110/bin/../lib/gcc/avr/4.9.2/avr51\libgcc.a(_tablejump2.o)
 .text.libgcc.fixed
                0x00001a74        0x0 c:/winavr-20100110/bin/../lib/gcc/avr/4.9.2/avr51\libgcc.a(_tablejump2.o)
 .text.libgcc.mul
                0x00001a74        0x0 c:/winavr-20100110/bin/../lib/gcc/avr/4.9.2/avr51\libgcc.a(_copy_data.o)
 .text.libgcc.div
                0x00001a74        0x0 c:/winavr-20100110/bin/../lib/gcc/avr/4.9.2/avr51\libgcc.a(_copy_data.o)
 .text.libgcc   0x00001a74        0x0 c:/winavr-20100110/bin/../lib/gcc/avr/4.9.2/avr51\libgcc.a(_copy_data.o)
 .text.libgcc.prologue
                0x00001a74        0x0 c:/winavr-20100110/bin/../lib/gcc/avr/4.9.2/avr51\libgcc.a(_copy_data.o)
 .text.libgcc.builtins
                0x00001a74        0x0 c:/winavr-20100110/bin/../lib/gcc/avr/4.9.2/avr51\libgcc.a(_copy_data.o)
 .text.libgcc.fmul
                0x00001a74        0x0 c:/winavr-20100110/bin/../lib/gcc/avr/4.9.2/avr51\libgcc.a(_copy_data.o)
 .text.libgcc.fixed
                0x00001a74        0x0 c:/winavr-20100110/bin/../lib/gcc/avr/4.9.2/avr51\libgcc.a(_copy_data.o)
 .text.libgcc.mul
                0x00001a74        0x0 c:/winavr-20100110/bin/../lib/gcc/avr/4.9.2/avr51\libgcc.a(_clear_bss.o)
 .text.libgcc.div
                0x00001a74        0x0 c:/winavr-20100110/bin/../lib/gcc/avr/4.9.2/avr51\libgcc.a(_clear_bss.o)
 .text.libgcc   0x00001a74        0x0 c:/winavr-20100110/bin/../lib/gcc/avr/4.9.2/avr51\libgcc.a(_clear_bss.o)
 .text.libgcc.prologue
                0x00001a74        0x0 c:/winavr-20100110/bin/../lib/gcc/avr/4.9.2/avr51\libgcc.a(_clear_bss.o)
 .text.libgcc.builtins
                0x00001a74        0x0 c:/winavr-20100110/bin/../lib/gcc/avr/4.9.2/avr51\libgcc.a(_clear_bss.o)
 .text.libgcc.fmul
                0x00001a74        0x0 c:/winavr-20100110/bin/../lib/gcc/avr/4.9.2/avr51\libgcc.a(_clear_bss.o)
 .text.libgcc.fixed
                0x00001a74        0x0 c:/winavr-20100110/bin/../lib/gcc/avr/4.9.2/avr51\libgcc.a(_clear_bss.o)
 .text.libgcc.mul
                0x00001a74        0xe c:/winavr-20100110/bin/../lib/gcc/avr/4.9.2/avr51\libgcc.a(_usmulhisi3.o)
                0x00001a74                __usmulhisi3
                0x00001a78                __usmulhisi3_tail
 .text.libgcc.div
                0x00001a82        0x0 c:/winavr-20100110/bin/../lib/gcc/avr/4.9.2/avr51\libgcc.a(_usmulhisi3.o)
 .text.libgcc   0x00001a82        0x0 c:/winavr-20100110/bin/../lib/gcc/avr/4.9.2/avr51\libgcc.a(_usmulhisi3.o)
 .text.libgcc.prologue
                0x00001a82        0x0 c:/winavr-20100110/bin/../lib/gcc/avr/4.9.2/avr51\libgcc.a(_usmulhisi3.o)
 .text.libgcc.builtins
                0x00001a82        0x0 c:/winavr-20100110/bin/../lib/gcc/avr/4.9.2/avr51\libgcc.a(_usmulhisi3.o)
 .text.libgcc.fmul
                0x00001a82        0x0 c:/winavr-20100110/bin/../lib/gcc/avr/4.9.2/avr51\libgcc.a(_usmulhisi3.o)
 .text.libgcc.fixed
                0x00001a82        0x0 c:/winavr-20100110/bin/../lib/gcc/avr/4.9.2/avr51\libgcc.a(_usmulhisi3.o)
 .text.libgcc.mul
                0x00001a82       0x16 c:/winavr-20100110/bin/../lib/gcc/avr/4.9.2/avr51\libgcc.a(_muluhisi3.o)
                0x00001a82                __muluhisi3
 .text.libgcc.div
                0x00001a98        0x0 c:/winavr-20100110/bin/../lib/gcc/avr/4.9.2/avr51\libgcc.a(_muluhisi3.o)
 .text.libgcc   0x00001a98        0x0 c:/winavr-20100110/bin/../lib/gcc/avr/4.9.2/avr51\libgcc.a(_muluhisi3.o)
 .text.libgcc.prologue
                0x00001a98        0x0 c:/winavr-20100110/bin/../lib/gcc/avr/4.9.2/avr51\libgcc.a(_muluhisi3.o)
 .text.libgcc.builtins
                0x00001a98        0x0 c:/winavr-20100110/bin/../lib/gcc/avr/4.9.2/avr51\libgcc.a(_muluhisi3.o)
 .text.libgcc.fmul
                0x00001a98        0x0 c:/winavr-20100110/bin/../lib/gcc/avr/4.9.2/avr51\libgcc.a(_muluhisi3.o)
 .text.libgcc.fixed
                0x00001a98        0x0 c:/winavr-20100110/bin/../lib/gcc/avr/4.9.2/avr51\libgcc.a(_muluhisi3.o)
 .text.libgcc.mul
                0x00001a98       0x1e c:/winavr-20100110/bin/../lib/gcc/avr/4.9.2/avr51\libgcc.a(_umulhisi3.o)
                0x00001a98                __umulhisi3
 .text.libgcc.div
                0x00001ab6        0x0 c:/winavr-20100110/bin/../lib/gcc/avr/4.9.2/avr51\libgcc.a(_umulhisi3.o)
 .text.libgcc   0x00001ab6        0x0 c:/winavr-20100110/bin/../lib/gcc/avr/4.9.2/avr51\libgcc.a(_umulhisi3.o)
 .text.libgcc.prologue
                0x00001ab6        0x0 c:/winavr-20100110/bin/../lib/gcc/avr/4.9.2/avr51\libgcc.a(_umulhisi3.o)
 .text.libgcc.builtins
                0x00001ab6        0x0 c:/winavr-20100110/bin/../lib/gcc/avr/4.9.2/avr51\libgcc.a(_umulhisi3.o)
 .text.libgcc.fmul
                0x00001ab6        0x0 c:/winavr-20100110/bin/../lib/gcc/avr/4.9.2/avr51\libgcc.a(_umulhisi3.o)
 .text.libgcc.fixed
                0x00001ab6        0x0 c:/winavr-20100110/bin/../lib/gcc/avr/4.9.2/avr51\libgcc.a(_umulhisi3.o)
 .text.avr-libc.fplib
                0x00001ab6        0xe c:/winavr-20100110/bin/../lib/gcc/avr/4.9.2/../../../../avr/lib/avr51\libm.a(addsf3.o)
                0x00001ab6                __subsf3
                0x00001ab8                __addsf3
 .text.avr-libc.fplib
                0x00001ac4       0xcc c:/winavr-20100110/bin/../lib/gcc/avr/4.9.2/../../../../avr/lib/avr51\libm.a(addsf3x.o)
                0x00001ae6                __addsf3x
 .text.avr-libc.fplib
                0x00001b90        0xa c:/winavr-20100110/bin/../lib/gcc/avr/4.9.2/../../../../avr/lib/avr51\libm.a(cmpsf2.o)
                0x00001b90                __nesf2
                0x00001b90                __eqsf2
                0x00001b90                __cmpsf2
                0x00001b90                __ltsf2
                0x00001b90                __lesf2
 .text.avr-libc.fplib
                0x00001b9a        0x8 c:/winavr-20100110/bin/../lib/gcc/avr/4.9.2/../../../../avr/lib/avr51\libm.a(divsf3.o)
                0x00001b9a                __divsf3
 .text.avr-libc.fplib
                0x00001ba2       0xdc c:/winavr-20100110/bin/../lib/gcc/avr/4.9.2/../../../../avr/lib/avr51\libm.a(divsf3x.o)
                0x00001bc2                __divsf3x
                0x00001bc8                __divsf3_pse
 .text.avr-libc.fplib
                0x00001c7e       0x5e c:/winavr-20100110/bin/../lib/gcc/avr/4.9.2/../../../../avr/lib/avr51\libm.a(fixunssfsi.o)
                0x00001c7e                __fixunssfsi
 .text.avr-libc.fplib
                0x00001cdc       0x7a c:/winavr-20100110/bin/../lib/gcc/avr/4.9.2/../../../../avr/lib/avr51\libm.a(floatsisf.o)
                0x00001cdc                __floatunsisf
                0x00001ce0                __floatsisf
 .text.avr-libc.fplib
                0x00001d56       0x48 c:/winavr-20100110/bin/../lib/gcc/avr/4.9.2/../../../../avr/lib/avr51\libm.a(fp_cmp.o)
                0x00001d56                __fp_cmp
 .text.avr-libc.fplib
                0x00001d9e        0xc c:/winavr-20100110/bin/../lib/gcc/avr/4.9.2/../../../../avr/lib/avr51\libm.a(fp_inf.o)
                0x00001d9e                __fp_inf
 .text.avr-libc.fplib
                0x00001daa        0x6 c:/winavr-20100110/bin/../lib/gcc/avr/4.9.2/../../../../avr/lib/avr51\libm.a(fp_nan.o)
                0x00001daa                __fp_nan
 .text.avr-libc.fplib
                0x00001db0        0xe c:/winavr-20100110/bin/../lib/gcc/avr/4.9.2/../../../../avr/lib/avr51\libm.a(fp_pscA.o)
                0x00001db0                __fp_pscA
 .text.avr-libc.fplib
                0x00001dbe        0xe c:/winavr-20100110/bin/../lib/gcc/avr/4.9.2/../../../../avr/lib/avr51\libm.a(fp_pscB.o)
                0x00001dbe                __fp_pscB
 .text.avr-libc.fplib
                0x00001dcc       0x22 c:/winavr-20100110/bin/../lib/gcc/avr/4.9.2/../../../../avr/lib/avr51\libm.a(fp_round.o)
                0x00001dcc                __fp_round
 .text.avr-libc.fplib
                0x00001dee       0x44 c:/winavr-20100110/bin/../lib/gcc/avr/4.9.2/../../../../avr/lib/avr51\libm.a(fp_split3.o)
                0x00001dee                __fp_split3
                0x00001dfe                __fp_splitA
 .text.avr-libc.fplib
                0x00001e32        0xe c:/winavr-20100110/bin/../lib/gcc/avr/4.9.2/../../../../avr/lib/avr51\libm.a(fp_zero.o)
                0x00001e32                __fp_zero
                0x00001e34                __fp_szero
 .text.avr-libc.fplib
                0x00001e40        0x8 c:/winavr-20100110/bin/../lib/gcc/avr/4.9.2/../../../../avr/lib/avr51\libm.a(mulsf3.o)
                0x00001e40                __mulsf3
 .text.avr-libc.fplib
                0x00001e48       0xd2 c:/winavr-20100110/bin/../lib/gcc/avr/4.9.2/../../../../avr/lib/avr51\libm.a(mulsf3x.o)
                0x00001e66                __mulsf3x
                0x00001e6c                __mulsf3_pse
 .text.avr-libc
                0x00001f1a       0x40 c:/winavr-20100110/bin/../lib/gcc/avr/4.9.2/../../../../avr/lib/avr51\libc.a(dtostrf.o)
                0x00001f1a                dtostrf
 .text.avr-libc
                0x00001f5a        0x8 c:/winavr-20100110/bin/../lib/gcc/avr/4.9.2/../../../../avr/lib/avr51\libc.a(atof.o)
                0x00001f5a                atof
 .text.avr-libc
                0x00001f62       0x3c c:/winavr-20100110/bin/../lib/gcc/avr/4.9.2/../../../../avr/lib/avr51\libc.a(atoi.o)
                0x00001f62                atoi
 .text.avr-libc
                0x00001f9e       0x16 c:/winavr-20100110/bin/../lib/gcc/avr/4.9.2/../../../../avr/lib/avr51\libc.a(strcat.o)
                0x00001f9e                strcat
 .text.avr-libc
                0x00001fb4       0x12 c:/winavr-20100110/bin/../lib/gcc/avr/4.9.2/../../../../avr/lib/avr51\libc.a(strcmp.o)
                0x00001fb4                strcmp
 .text.avr-libc
                0x00001fc6        0xe c:/winavr-20100110/bin/../lib/gcc/avr/4.9.2/../../../../avr/lib/avr51\libc.a(strcpy.o)
                0x00001fc6                strcpy
 .text.avr-libc
                0x00001fd4       0x16 c:/winavr-20100110/bin/../lib/gcc/avr/4.9.2/../../../../avr/lib/avr51\libc.a(itoa_ncheck.o)
                0x00001fd4                __itoa_ncheck
 .text.avr-libc
                0x00001fea       0x1e c:/winavr-20100110/bin/../lib/gcc/avr/4.9.2/../../../../avr/lib/avr51\libc.a(ltoa_ncheck.o)
                0x00001fea                __ltoa_ncheck
 .text.avr-libc
                0x00002008       0x10 c:/winavr-20100110/bin/../lib/gcc/avr/4.9.2/../../../../avr/lib/avr51\libc.a(mul10.o)
                0x00002008                __mulhi_const_10
 .text.avr-libc
                0x00002018       0x44 c:/winavr-20100110/bin/../lib/gcc/avr/4.9.2/../../../../avr/lib/avr51\libc.a(ultoa_ncheck.o)
                0x00002018                __ultoa_ncheck
                0x0000201a                __ultoa_common
 .text.avr-libc
                0x0000205c       0x34 c:/winavr-20100110/bin/../lib/gcc/avr/4.9.2/../../../../avr/lib/avr51\libc.a(utoa_ncheck.o)
                0x0000205c                __utoa_ncheck
                0x0000205e                __utoa_common
 .text.avr-libc
                0x00002090      0x31c c:/winavr-20100110/bin/../lib/gcc/avr/4.9.2/../../../../avr/lib/avr51\libc.a(dtoa_prf.o)
                0x00002090                dtoa_prf
 .text.avr-libc
                0x000023ac      0x2de c:/winavr-20100110/bin/../lib/gcc/avr/4.9.2/../../../../avr/lib/avr51\libc.a(strtod.o)
                0x000023ac                strtod
 .text.avr-libc
                0x0000268a      0x1b0 c:/winavr-20100110/bin/../lib/gcc/avr/4.9.2/../../../../avr/lib/avr51\libc.a(ftoa_engine.o)
                0x0000268a                __ftoa_engine
 .text.avr-libc
                0x0000283a       0x12 c:/winavr-20100110/bin/../lib/gcc/avr/4.9.2/../../../../avr/lib/avr51\libc.a(isspace.o)
                0x0000283a                isspace
 .text.avr-libc
                0x0000284c       0x30 c:/winavr-20100110/bin/../lib/gcc/avr/4.9.2/../../../../avr/lib/avr51\libc.a(strncasecmp_P.o)
                0x0000284c                strncasecmp_P
 .text.avr-libc
                0x0000287c       0x20 c:/winavr-20100110/bin/../lib/gcc/avr/4.9.2/../../../../avr/lib/avr51\libc.a(strrev.o)
                0x0000287c                strrev
 .text.avr-libc
                0x0000289c        0x6 c:/winavr-20100110/bin/../lib/gcc/avr/4.9.2/../../../../avr/lib/avr51\libc.a(cty_isfalse.o)
                0x0000289c                __ctype_isfalse
                0x000028a0                __ctype_istrue
 .text.avr-libc
                0x000028a2       0x10 c:/winavr-20100110/bin/../lib/gcc/avr/4.9.2/../../../../avr/lib/avr51\libatmega1284p.a(eerd_byte.o)
                0x000028a2                eeprom_read_byte
 .text.avr-libc
                0x000028b2        0xc c:/winavr-20100110/bin/../lib/gcc/avr/4.9.2/../../../../avr/lib/avr51\libatmega1284p.a(eerd_dword.o)
                0x000028b2                eeprom_read_float
                0x000028b2                eeprom_read_dword
 .text.avr-libc
                0x000028be        0xc c:/winavr-20100110/bin/../lib/gcc/avr/4.9.2/../../../../avr/lib/avr51\libatmega1284p.a(eerd_word.o)
                0x000028be                eeprom_read_word
 .text.avr-libc
                0x000028ca       0x24 c:/winavr-20100110/bin/../lib/gcc/avr/4.9.2/../../../../avr/lib/avr51\libatmega1284p.a(eeupd_byte.o)
                0x000028ca                eeprom_update_byte
                0x000028cc                eeprom_update_r18
 .text.avr-libc
                0x000028ee       0x18 c:/winavr-20100110/bin/../lib/gcc/avr/4.9.2/../../../../avr/lib/avr51\libatmega1284p.a(eeupd_dword.o)
                0x000028ee                eeprom_update_float
                0x000028ee                eeprom_update_dword
 .text.avr-libc
                0x00002906        0xc c:/winavr-20100110/bin/../lib/gcc/avr/4.9.2/../../../../avr/lib/avr51\libatmega1284p.a(eeupd_word.o)
                0x00002906                eeprom_update_word
 .text.avr-libc
                0x00002912       0x20 c:/winavr-20100110/bin/../lib/gcc/avr/4.9.2/../../../../avr/lib/avr51\libatmega1284p.a(eerd_block.o)
                0x00002912                eeprom_read_block
                0x00002916                eeprom_read_blraw
                0x00002932                . = ALIGN (0x2)
 *(.fini9)
 .fini9         0x00002932        0x0 c:/winavr-20100110/bin/../lib/gcc/avr/4.9.2/avr51\libgcc.a(_exit.o)
                0x00002932                _exit
                0x00002932                exit
 *(.fini9)
 *(.fini8)
 *(.fini8)
 *(.fini7)
 *(.fini7)
 *(.fini6)
 *(.fini6)
 *(.fini5)
 *(.fini5)
 *(.fini4)
 *(.fini4)
 *(.fini3)
 *(.fini3)
 *(.fini2)
 *(.fini2)
 *(.fini1)
 *(.fini1)
 *(.fini0)
 .fini0         0x00002932        0x4 c:/winavr-20100110/bin/../lib/gcc/avr/4.9.2/avr51\libgcc.a(_exit.o)
 *(.fini0)
                0x00002936                _etext = .

.data           0x00800100      0x328 load address 0x00002936
                0x00800100                PROVIDE (__data_start, .)
 *(.data)
 .data          0x00800100        0x0 c:/winavr-20100110/bin/../lib/gcc/avr/4.9.2/../../../../avr/lib/avr51/crtatmega1284p.o
 .data          0x00800100        0x0 ./src/adc.o
 .data          0x00800100        0x0 ./src/config.o
 .data          0x00800100        0x0 ./src/debug.o
 .data          0x00800100        0x0 ./src/eeprom_manage.o
 .data          0x00800100        0x0 ./src/fsm.o
 .data          0x00800100        0x0 ./src/main.o
 .data          0x00800100        0x0 ./src/pcf8563.o
 .data          0x00800100        0x0 ./src/sensors.o
 .data          0x00800100        0x0 ./src/time.o
 .data          0x00800100        0x0 ./src/twi.o
 .data          0x00800100        0x0 ./src/usart.o
 .data          0x00800100        0x0 ./.metadata/.plugins/org.eclipse.cdt.make.core/specs.o
 .data          0x00800100        0x0 c:/winavr-20100110/bin/../lib/gcc/avr/4.9.2/avr51\libgcc.a(_udivmodqi4.o)
 .data          0x00800100        0x0 c:/winavr-20100110/bin/../lib/gcc/avr/4.9.2/avr51\libgcc.a(_udivmodhi4.o)
 .data          0x00800100        0x0 c:/winavr-20100110/bin/../lib/gcc/avr/4.9.2/avr51\libgcc.a(_udivmodsi4.o)
 .data          0x00800100        0x0 c:/winavr-20100110/bin/../lib/gcc/avr/4.9.2/avr51\libgcc.a(_exit.o)
 .data          0x00800100        0x0 c:/winavr-20100110/bin/../lib/gcc/avr/4.9.2/avr51\libgcc.a(_tablejump2.o)
 .data          0x00800100        0x0 c:/winavr-20100110/bin/../lib/gcc/avr/4.9.2/avr51\libgcc.a(_copy_data.o)
 .data          0x00800100        0x0 c:/winavr-20100110/bin/../lib/gcc/avr/4.9.2/avr51\libgcc.a(_clear_bss.o)
 .data          0x00800100        0x0 c:/winavr-20100110/bin/../lib/gcc/avr/4.9.2/avr51\libgcc.a(_usmulhisi3.o)
 .data          0x00800100        0x0 c:/winavr-20100110/bin/../lib/gcc/avr/4.9.2/avr51\libgcc.a(_muluhisi3.o)
 .data          0x00800100        0x0 c:/winavr-20100110/bin/../lib/gcc/avr/4.9.2/avr51\libgcc.a(_umulhisi3.o)
 .data          0x00800100        0x0 c:/winavr-20100110/bin/../lib/gcc/avr/4.9.2/../../../../avr/lib/avr51\libm.a(addsf3.o)
 .data          0x00800100        0x0 c:/winavr-20100110/bin/../lib/gcc/avr/4.9.2/../../../../avr/lib/avr51\libm.a(addsf3x.o)
 .data          0x00800100        0x0 c:/winavr-20100110/bin/../lib/gcc/avr/4.9.2/../../../../avr/lib/avr51\libm.a(cmpsf2.o)
 .data          0x00800100        0x0 c:/winavr-20100110/bin/../lib/gcc/avr/4.9.2/../../../../avr/lib/avr51\libm.a(divsf3.o)
 .data          0x00800100        0x0 c:/winavr-20100110/bin/../lib/gcc/avr/4.9.2/../../../../avr/lib/avr51\libm.a(divsf3x.o)
 .data          0x00800100        0x0 c:/winavr-20100110/bin/../lib/gcc/avr/4.9.2/../../../../avr/lib/avr51\libm.a(fixunssfsi.o)
 .data          0x00800100        0x0 c:/winavr-20100110/bin/../lib/gcc/avr/4.9.2/../../../../avr/lib/avr51\libm.a(floatsisf.o)
 .data          0x00800100        0x0 c:/winavr-20100110/bin/../lib/gcc/avr/4.9.2/../../../../avr/lib/avr51\libm.a(fp_cmp.o)
 .data          0x00800100        0x0 c:/winavr-20100110/bin/../lib/gcc/avr/4.9.2/../../../../avr/lib/avr51\libm.a(fp_inf.o)
 .data          0x00800100        0x0 c:/winavr-20100110/bin/../lib/gcc/avr/4.9.2/../../../../avr/lib/avr51\libm.a(fp_nan.o)
 .data          0x00800100        0x0 c:/winavr-20100110/bin/../lib/gcc/avr/4.9.2/../../../../avr/lib/avr51\libm.a(fp_pscA.o)
 .data          0x00800100        0x0 c:/winavr-20100110/bin/../lib/gcc/avr/4.9.2/../../../../avr/lib/avr51\libm.a(fp_pscB.o)
 .data          0x00800100        0x0 c:/winavr-20100110/bin/../lib/gcc/avr/4.9.2/../../../../avr/lib/avr51\libm.a(fp_round.o)
 .data          0x00800100        0x0 c:/winavr-20100110/bin/../lib/gcc/avr/4.9.2/../../../../avr/lib/avr51\libm.a(fp_split3.o)
 .data          0x00800100        0x0 c:/winavr-20100110/bin/../lib/gcc/avr/4.9.2/../../../../avr/lib/avr51\libm.a(fp_zero.o)
 .data          0x00800100        0x0 c:/winavr-20100110/bin/../lib/gcc/avr/4.9.2/../../../../avr/lib/avr51\libm.a(mulsf3.o)
 .data          0x00800100        0x0 c:/winavr-20100110/bin/../lib/gcc/avr/4.9.2/../../../../avr/lib/avr51\libm.a(mulsf3x.o)
 .data          0x00800100        0x0 c:/winavr-20100110/bin/../lib/gcc/avr/4.9.2/../../../../avr/lib/avr51\libc.a(dtostrf.o)
 .data          0x00800100        0x0 c:/winavr-20100110/bin/../lib/gcc/avr/4.9.2/../../../../avr/lib/avr51\libc.a(atof.o)
 .data          0x00800100        0x0 c:/winavr-20100110/bin/../lib/gcc/avr/4.9.2/../../../../avr/lib/avr51\libc.a(atoi.o)
 .data          0x00800100        0x0 c:/winavr-20100110/bin/../lib/gcc/avr/4.9.2/../../../../avr/lib/avr51\libc.a(strcat.o)
 .data          0x00800100        0x0 c:/winavr-20100110/bin/../lib/gcc/avr/4.9.2/../../../../avr/lib/avr51\libc.a(strcmp.o)
 .data          0x00800100        0x0 c:/winavr-20100110/bin/../lib/gcc/avr/4.9.2/../../../../avr/lib/avr51\libc.a(strcpy.o)
 .data          0x00800100        0x0 c:/winavr-20100110/bin/../lib/gcc/avr/4.9.2/../../../../avr/lib/avr51\libc.a(itoa_ncheck.o)
 .data          0x00800100        0x0 c:/winavr-20100110/bin/../lib/gcc/avr/4.9.2/../../../../avr/lib/avr51\libc.a(ltoa_ncheck.o)
 .data          0x00800100        0x0 c:/winavr-20100110/bin/../lib/gcc/avr/4.9.2/../../../../avr/lib/avr51\libc.a(mul10.o)
 .data          0x00800100        0x0 c:/winavr-20100110/bin/../lib/gcc/avr/4.9.2/../../../../avr/lib/avr51\libc.a(ultoa_ncheck.o)
 .data          0x00800100        0x0 c:/winavr-20100110/bin/../lib/gcc/avr/4.9.2/../../../../avr/lib/avr51\libc.a(utoa_ncheck.o)
 .data          0x00800100        0x0 c:/winavr-20100110/bin/../lib/gcc/avr/4.9.2/../../../../avr/lib/avr51\libc.a(dtoa_prf.o)
 .data          0x00800100        0x0 c:/winavr-20100110/bin/../lib/gcc/avr/4.9.2/../../../../avr/lib/avr51\libc.a(strtod.o)
 .data          0x00800100        0x0 c:/winavr-20100110/bin/../lib/gcc/avr/4.9.2/../../../../avr/lib/avr51\libc.a(ftoa_engine.o)
 .data          0x00800100        0x0 c:/winavr-20100110/bin/../lib/gcc/avr/4.9.2/../../../../avr/lib/avr51\libc.a(isspace.o)
 .data          0x00800100        0x0 c:/winavr-20100110/bin/../lib/gcc/avr/4.9.2/../../../../avr/lib/avr51\libc.a(strncasecmp_P.o)
 .data          0x00800100        0x0 c:/winavr-20100110/bin/../lib/gcc/avr/4.9.2/../../../../avr/lib/avr51\libc.a(strrev.o)
 .data          0x00800100        0x0 c:/winavr-20100110/bin/../lib/gcc/avr/4.9.2/../../../../avr/lib/avr51\libc.a(errno.o)
 .data          0x00800100        0x0 c:/winavr-20100110/bin/../lib/gcc/avr/4.9.2/../../../../avr/lib/avr51\libc.a(cty_isfalse.o)
 .data          0x00800100        0x0 c:/winavr-20100110/bin/../lib/gcc/avr/4.9.2/../../../../avr/lib/avr51\libatmega1284p.a(eerd_byte.o)
 .data          0x00800100        0x0 c:/winavr-20100110/bin/../lib/gcc/avr/4.9.2/../../../../avr/lib/avr51\libatmega1284p.a(eerd_dword.o)
 .data          0x00800100        0x0 c:/winavr-20100110/bin/../lib/gcc/avr/4.9.2/../../../../avr/lib/avr51\libatmega1284p.a(eerd_word.o)
 .data          0x00800100        0x0 c:/winavr-20100110/bin/../lib/gcc/avr/4.9.2/../../../../avr/lib/avr51\libatmega1284p.a(eeupd_byte.o)
 .data          0x00800100        0x0 c:/winavr-20100110/bin/../lib/gcc/avr/4.9.2/../../../../avr/lib/avr51\libatmega1284p.a(eeupd_dword.o)
 .data          0x00800100        0x0 c:/winavr-20100110/bin/../lib/gcc/avr/4.9.2/../../../../avr/lib/avr51\libatmega1284p.a(eeupd_word.o)
 .data          0x00800100        0x0 c:/winavr-20100110/bin/../lib/gcc/avr/4.9.2/../../../../avr/lib/avr51\libatmega1284p.a(eerd_block.o)
 *(.data*)
 .data.StateList
                0x00800100       0x10 ./src/fsm.o
                0x00800100                StateList
 .data.JOURS    0x00800110       0x18 ./src/pcf8563.o
                0x00800110                JOURS
 *(.rodata)
 .rodata        0x00800128       0x16 ./src/pcf8563.o
 *(.rodata*)
 .rodata.str1.1
                0x0080013e       0xb1 ./src/config.o
 .rodata.str1.1
                0x008001ef       0xb1 ./src/debug.o
                                  0x5 (size before relaxing)
 .rodata.str1.1
                0x008001ef       0x17 ./src/fsm.o
                                 0x1a (size before relaxing)
 .rodata.str1.1
                0x00800206        0x3 ./src/main.o
 .rodata.str1.1
                0x00800206       0xba ./src/pcf8563.o
                                 0xbd (size before relaxing)
 .rodata.str1.1
                0x008002c0      0x167 ./src/usart.o
 *(.gnu.linkonce.d*)
                0x00800428                . = ALIGN (0x2)
 *fill*         0x00800427        0x1 
                0x00800428                _edata = .
                0x00800428                PROVIDE (__data_end, .)

.bss            0x00800428       0x7d
                0x00800428                PROVIDE (__bss_start, .)
 *(.bss)
 .bss           0x00800428        0x0 c:/winavr-20100110/bin/../lib/gcc/avr/4.9.2/../../../../avr/lib/avr51/crtatmega1284p.o
 .bss           0x00800428        0x0 ./src/adc.o
 .bss           0x00800428        0x0 ./src/config.o
 .bss           0x00800428        0x0 ./src/debug.o
 .bss           0x00800428        0x0 ./src/eeprom_manage.o
 .bss           0x00800428        0x0 ./src/fsm.o
 .bss           0x00800428        0x0 ./src/main.o
 .bss           0x00800428        0x0 ./src/pcf8563.o
 .bss           0x00800428        0x0 ./src/sensors.o
 .bss           0x00800428        0x0 ./src/time.o
 .bss           0x00800428        0x0 ./src/twi.o
 .bss           0x00800428        0x0 ./src/usart.o
 .bss           0x00800428        0x0 ./.metadata/.plugins/org.eclipse.cdt.make.core/specs.o
 .bss           0x00800428        0x0 c:/winavr-20100110/bin/../lib/gcc/avr/4.9.2/avr51\libgcc.a(_udivmodqi4.o)
 .bss           0x00800428        0x0 c:/winavr-20100110/bin/../lib/gcc/avr/4.9.2/avr51\libgcc.a(_udivmodhi4.o)
 .bss           0x00800428        0x0 c:/winavr-20100110/bin/../lib/gcc/avr/4.9.2/avr51\libgcc.a(_udivmodsi4.o)
 .bss           0x00800428        0x0 c:/winavr-20100110/bin/../lib/gcc/avr/4.9.2/avr51\libgcc.a(_exit.o)
 .bss           0x00800428        0x0 c:/winavr-20100110/bin/../lib/gcc/avr/4.9.2/avr51\libgcc.a(_tablejump2.o)
 .bss           0x00800428        0x0 c:/winavr-20100110/bin/../lib/gcc/avr/4.9.2/avr51\libgcc.a(_copy_data.o)
 .bss           0x00800428        0x0 c:/winavr-20100110/bin/../lib/gcc/avr/4.9.2/avr51\libgcc.a(_clear_bss.o)
 .bss           0x00800428        0x0 c:/winavr-20100110/bin/../lib/gcc/avr/4.9.2/avr51\libgcc.a(_usmulhisi3.o)
 .bss           0x00800428        0x0 c:/winavr-20100110/bin/../lib/gcc/avr/4.9.2/avr51\libgcc.a(_muluhisi3.o)
 .bss           0x00800428        0x0 c:/winavr-20100110/bin/../lib/gcc/avr/4.9.2/avr51\libgcc.a(_umulhisi3.o)
 .bss           0x00800428        0x0 c:/winavr-20100110/bin/../lib/gcc/avr/4.9.2/../../../../avr/lib/avr51\libm.a(addsf3.o)
 .bss           0x00800428        0x0 c:/winavr-20100110/bin/../lib/gcc/avr/4.9.2/../../../../avr/lib/avr51\libm.a(addsf3x.o)
 .bss           0x00800428        0x0 c:/winavr-20100110/bin/../lib/gcc/avr/4.9.2/../../../../avr/lib/avr51\libm.a(cmpsf2.o)
 .bss           0x00800428        0x0 c:/winavr-20100110/bin/../lib/gcc/avr/4.9.2/../../../../avr/lib/avr51\libm.a(divsf3.o)
 .bss           0x00800428        0x0 c:/winavr-20100110/bin/../lib/gcc/avr/4.9.2/../../../../avr/lib/avr51\libm.a(divsf3x.o)
 .bss           0x00800428        0x0 c:/winavr-20100110/bin/../lib/gcc/avr/4.9.2/../../../../avr/lib/avr51\libm.a(fixunssfsi.o)
 .bss           0x00800428        0x0 c:/winavr-20100110/bin/../lib/gcc/avr/4.9.2/../../../../avr/lib/avr51\libm.a(floatsisf.o)
 .bss           0x00800428        0x0 c:/winavr-20100110/bin/../lib/gcc/avr/4.9.2/../../../../avr/lib/avr51\libm.a(fp_cmp.o)
 .bss           0x00800428        0x0 c:/winavr-20100110/bin/../lib/gcc/avr/4.9.2/../../../../avr/lib/avr51\libm.a(fp_inf.o)
 .bss           0x00800428        0x0 c:/winavr-20100110/bin/../lib/gcc/avr/4.9.2/../../../../avr/lib/avr51\libm.a(fp_nan.o)
 .bss           0x00800428        0x0 c:/winavr-20100110/bin/../lib/gcc/avr/4.9.2/../../../../avr/lib/avr51\libm.a(fp_pscA.o)
 .bss           0x00800428        0x0 c:/winavr-20100110/bin/../lib/gcc/avr/4.9.2/../../../../avr/lib/avr51\libm.a(fp_pscB.o)
 .bss           0x00800428        0x0 c:/winavr-20100110/bin/../lib/gcc/avr/4.9.2/../../../../avr/lib/avr51\libm.a(fp_round.o)
 .bss           0x00800428        0x0 c:/winavr-20100110/bin/../lib/gcc/avr/4.9.2/../../../../avr/lib/avr51\libm.a(fp_split3.o)
 .bss           0x00800428        0x0 c:/winavr-20100110/bin/../lib/gcc/avr/4.9.2/../../../../avr/lib/avr51\libm.a(fp_zero.o)
 .bss           0x00800428        0x0 c:/winavr-20100110/bin/../lib/gcc/avr/4.9.2/../../../../avr/lib/avr51\libm.a(mulsf3.o)
 .bss           0x00800428        0x0 c:/winavr-20100110/bin/../lib/gcc/avr/4.9.2/../../../../avr/lib/avr51\libm.a(mulsf3x.o)
 .bss           0x00800428        0x0 c:/winavr-20100110/bin/../lib/gcc/avr/4.9.2/../../../../avr/lib/avr51\libc.a(dtostrf.o)
 .bss           0x00800428        0x0 c:/winavr-20100110/bin/../lib/gcc/avr/4.9.2/../../../../avr/lib/avr51\libc.a(atof.o)
 .bss           0x00800428        0x0 c:/winavr-20100110/bin/../lib/gcc/avr/4.9.2/../../../../avr/lib/avr51\libc.a(atoi.o)
 .bss           0x00800428        0x0 c:/winavr-20100110/bin/../lib/gcc/avr/4.9.2/../../../../avr/lib/avr51\libc.a(strcat.o)
 .bss           0x00800428        0x0 c:/winavr-20100110/bin/../lib/gcc/avr/4.9.2/../../../../avr/lib/avr51\libc.a(strcmp.o)
 .bss           0x00800428        0x0 c:/winavr-20100110/bin/../lib/gcc/avr/4.9.2/../../../../avr/lib/avr51\libc.a(strcpy.o)
 .bss           0x00800428        0x0 c:/winavr-20100110/bin/../lib/gcc/avr/4.9.2/../../../../avr/lib/avr51\libc.a(itoa_ncheck.o)
 .bss           0x00800428        0x0 c:/winavr-20100110/bin/../lib/gcc/avr/4.9.2/../../../../avr/lib/avr51\libc.a(ltoa_ncheck.o)
 .bss           0x00800428        0x0 c:/winavr-20100110/bin/../lib/gcc/avr/4.9.2/../../../../avr/lib/avr51\libc.a(mul10.o)
 .bss           0x00800428        0x0 c:/winavr-20100110/bin/../lib/gcc/avr/4.9.2/../../../../avr/lib/avr51\libc.a(ultoa_ncheck.o)
 .bss           0x00800428        0x0 c:/winavr-20100110/bin/../lib/gcc/avr/4.9.2/../../../../avr/lib/avr51\libc.a(utoa_ncheck.o)
 .bss           0x00800428        0x0 c:/winavr-20100110/bin/../lib/gcc/avr/4.9.2/../../../../avr/lib/avr51\libc.a(dtoa_prf.o)
 .bss           0x00800428        0x0 c:/winavr-20100110/bin/../lib/gcc/avr/4.9.2/../../../../avr/lib/avr51\libc.a(strtod.o)
 .bss           0x00800428        0x0 c:/winavr-20100110/bin/../lib/gcc/avr/4.9.2/../../../../avr/lib/avr51\libc.a(ftoa_engine.o)
 .bss           0x00800428        0x0 c:/winavr-20100110/bin/../lib/gcc/avr/4.9.2/../../../../avr/lib/avr51\libc.a(isspace.o)
 .bss           0x00800428        0x0 c:/winavr-20100110/bin/../lib/gcc/avr/4.9.2/../../../../avr/lib/avr51\libc.a(strncasecmp_P.o)
 .bss           0x00800428        0x0 c:/winavr-20100110/bin/../lib/gcc/avr/4.9.2/../../../../avr/lib/avr51\libc.a(strrev.o)
 .bss           0x00800428        0x0 c:/winavr-20100110/bin/../lib/gcc/avr/4.9.2/../../../../avr/lib/avr51\libc.a(errno.o)
 .bss           0x00800428        0x0 c:/winavr-20100110/bin/../lib/gcc/avr/4.9.2/../../../../avr/lib/avr51\libc.a(cty_isfalse.o)
 .bss           0x00800428        0x0 c:/winavr-20100110/bin/../lib/gcc/avr/4.9.2/../../../../avr/lib/avr51\libatmega1284p.a(eerd_byte.o)
 .bss           0x00800428        0x0 c:/winavr-20100110/bin/../lib/gcc/avr/4.9.2/../../../../avr/lib/avr51\libatmega1284p.a(eerd_dword.o)
 .bss           0x00800428        0x0 c:/winavr-20100110/bin/../lib/gcc/avr/4.9.2/../../../../avr/lib/avr51\libatmega1284p.a(eerd_word.o)
 .bss           0x00800428        0x0 c:/winavr-20100110/bin/../lib/gcc/avr/4.9.2/../../../../avr/lib/avr51\libatmega1284p.a(eeupd_byte.o)
 .bss           0x00800428        0x0 c:/winavr-20100110/bin/../lib/gcc/avr/4.9.2/../../../../avr/lib/avr51\libatmega1284p.a(eeupd_dword.o)
 .bss           0x00800428        0x0 c:/winavr-20100110/bin/../lib/gcc/avr/4.9.2/../../../../avr/lib/avr51\libatmega1284p.a(eeupd_word.o)
 .bss           0x00800428        0x0 c:/winavr-20100110/bin/../lib/gcc/avr/4.9.2/../../../../avr/lib/avr51\libatmega1284p.a(eerd_block.o)
 *(.bss*)
 *(COMMON)
 COMMON         0x00800428       0x7b ./src/config.o
                0x00800428                data_udr0
                0x00800429                flag_config_request
                0x0080042a                timestamp
                0x0080042e                usart0_baudrate
                0x00800430                epoch_010116
                0x00800439                flag_error
                0x0080043a                config_request_i
                0x0080043b                flag_next_state
                0x0080043c                TCNT0_tmp
                0x0080043e                config_request
                0x00800448                flag_timestamp
                0x00800449                logger
                0x00800493                flag_anemo_ok
                0x00800494                flag_new_measure
                0x00800495                time
                0x0080049e                flag_new_sec
                0x0080049f                flag_pass_first_measure
                0x008004a0                ptrTime
                0x008004a2                flag_USART0_read
 COMMON         0x008004a3        0x2 c:/winavr-20100110/bin/../lib/gcc/avr/4.9.2/../../../../avr/lib/avr51\libc.a(errno.o)
                0x008004a3                errno
                0x008004a5                PROVIDE (__bss_end, .)
                0x00002936                __data_load_start = LOADADDR (.data)
                0x00002c5e                __data_load_end = (__data_load_start + SIZEOF (.data))

.noinit         0x008004a5        0x0
                [!provide]                PROVIDE (__noinit_start, .)
 *(.noinit*)
                [!provide]                PROVIDE (__noinit_end, .)
                0x008004a5                _end = .
                [!provide]                PROVIDE (__heap_start, .)

.eeprom         0x00810000        0x0
 *(.eeprom*)
                0x00810000                __eeprom_end = .

.fuse
 *(.fuse)
 *(.lfuse)
 *(.hfuse)
 *(.efuse)

.lock
 *(.lock*)

.signature
 *(.signature*)

.user_signatures
 *(.user_signatures*)

.stab
 *(.stab)

.stabstr
 *(.stabstr)

.stab.excl
 *(.stab.excl)

.stab.exclstr
 *(.stab.exclstr)

.stab.index
 *(.stab.index)

.stab.indexstr
 *(.stab.indexstr)

.comment        0x00000000       0x5c
 *(.comment)
 .comment       0x00000000       0x30 ./src/adc.o
                                 0x31 (size before relaxing)
 .comment       0x00000030       0x31 ./src/config.o
 .comment       0x00000030       0x31 ./src/debug.o
 .comment       0x00000030       0x31 ./src/eeprom_manage.o
 .comment       0x00000030       0x31 ./src/fsm.o
 .comment       0x00000030       0x31 ./src/main.o
 .comment       0x00000030       0x31 ./src/pcf8563.o
 .comment       0x00000030       0x31 ./src/sensors.o
 .comment       0x00000030       0x31 ./src/time.o
 .comment       0x00000030       0x31 ./src/twi.o
 .comment       0x00000030       0x31 ./src/usart.o
 .comment       0x00000030       0x31 ./.metadata/.plugins/org.eclipse.cdt.make.core/specs.o
 .comment       0x00000030       0x31 c:/winavr-20100110/bin/../lib/gcc/avr/4.9.2/../../../../avr/lib/avr51\libc.a(dtostrf.o)
 .comment       0x00000030       0x31 c:/winavr-20100110/bin/../lib/gcc/avr/4.9.2/../../../../avr/lib/avr51\libc.a(dtoa_prf.o)
 .comment       0x00000030       0x31 c:/winavr-20100110/bin/../lib/gcc/avr/4.9.2/../../../../avr/lib/avr51\libc.a(strtod.o)
 .comment       0x00000030       0x2c c:/winavr-20100110/bin/../lib/gcc/avr/4.9.2/../../../../avr/lib/avr51\libc.a(errno.o)
                                 0x2d (size before relaxing)

.note.gnu.avr.deviceinfo
                0x00000000       0x40
 .note.gnu.avr.deviceinfo
                0x00000000       0x40 c:/winavr-20100110/bin/../lib/gcc/avr/4.9.2/../../../../avr/lib/avr51/crtatmega1284p.o

.note.gnu.build-id
 *(.note.gnu.build-id)

.debug
 *(.debug)

.line
 *(.line)

.debug_srcinfo
 *(.debug_srcinfo)

.debug_sfnames
 *(.debug_sfnames)

.debug_aranges
 *(.debug_aranges)

.debug_pubnames
 *(.debug_pubnames)

.debug_info     0x00000000      0x792
 *(.debug_info .gnu.linkonce.wi.*)
 .debug_info    0x00000000      0x792 c:/winavr-20100110/bin/../lib/gcc/avr/4.9.2/../../../../avr/lib/avr51/crtatmega1284p.o

.debug_abbrev   0x00000000      0x729
 *(.debug_abbrev)
 .debug_abbrev  0x00000000      0x729 c:/winavr-20100110/bin/../lib/gcc/avr/4.9.2/../../../../avr/lib/avr51/crtatmega1284p.o

.debug_line     0x00000000       0x1a
 *(.debug_line .debug_line.* .debug_line_end)
 .debug_line    0x00000000       0x1a c:/winavr-20100110/bin/../lib/gcc/avr/4.9.2/../../../../avr/lib/avr51/crtatmega1284p.o

.debug_frame
 *(.debug_frame)

.debug_str      0x00000000      0x296
 *(.debug_str)
 .debug_str     0x00000000      0x296 c:/winavr-20100110/bin/../lib/gcc/avr/4.9.2/../../../../avr/lib/avr51/crtatmega1284p.o

.debug_loc
 *(.debug_loc)

.debug_macinfo
 *(.debug_macinfo)

.debug_weaknames
 *(.debug_weaknames)

.debug_funcnames
 *(.debug_funcnames)

.debug_typenames
 *(.debug_typenames)

.debug_varnames
 *(.debug_varnames)

.debug_pubtypes
 *(.debug_pubtypes)

.debug_ranges
 *(.debug_ranges)

.debug_macro
 *(.debug_macro)
OUTPUT(windlogger_1.elf elf32-avr)
LOAD linker stubs
